// Jest Snapshot v1, https://goo.gl/fbAQLP

exports[`NotFound should match snapshot 1`] = `
<div>
  <h1>
    Not Found
  </h1>
</div>
`;
